// Jest Snapshot v1, https://goo.gl/fbAQLP

exports[`<DynamicForm /> snapshot 1`] = `
<form
  id="dynamic-my-test-form"
  style={
    Object {
      "width": "100%",
    }
  }
>
  <div>
    <div
      className="inline-form-field"
    >
      <div
        className="col-sm-3 col-xs-12"
      >
        <label
          className="control-label"
          htmlFor="name"
        >
          Name
        </label>
      </div>
      <div
        className="col-sm-9 col-xs-12"
      >
        <input
          className="form-control input-lg"
          id="name"
          name="name"
          onChange={[Function]}
          placeholder="name"
          required={false}
          rows={4}
          type="text"
          value=""
        />
      </div>
    </div>
  </div>
  <div
    style={
      Object {
        "padding": "0 15px",
      }
    }
  >
    <button
      className="btn btn-primary btn-block"
      disabled={false}
      type="submit"
    >
      Submit
    </button>
  </div>
</form>
`;
